[    0.000000] Linux version 4.15.0-74-generic (buildd@lcy01-amd64-022) (gcc version 7.4.0 (Ubuntu 7.4.0-1ubuntu1~18.04.1)) #84-Ubuntu SMP Thu Dec 19 08:06:28 UTC 2019 (Ubuntu 4.15.0-74.84-generic 4.15.18)
[    0.000000] Command line: BOOT_IMAGE=/boot/vmlinuz-4.15.0-74-generic root=LABEL=cloudimg-rootfs ro console=tty1 console=ttyS0
[    0.000000] KERNEL supported cpus:
[    0.000000]   Intel GenuineIntel
[    0.000000]   AMD AuthenticAMD
[    0.000000]   Centaur CentaurHauls
[    0.000000] x86/fpu: Supporting XSAVE feature 0x001: 'x87 floating point registers'
[    0.000000] x86/fpu: Supporting XSAVE feature 0x002: 'SSE registers'
[    0.000000] x86/fpu: Supporting XSAVE feature 0x004: 'AVX registers'
[    0.000000] x86/fpu: xstate_offset[2]:  576, xstate_sizes[2]:  256
[    0.000000] x86/fpu: Enabled xstate features 0x7, context size is 832 bytes, using 'standard' format.
[    0.000000] e820: BIOS-provided physical RAM map:
[    0.000000] BIOS-e820: [mem 0x0000000000000000-0x000000000009fbff] usable
[    0.000000] BIOS-e820: [mem 0x000000000009fc00-0x000000000009ffff] reserved
[    0.000000] BIOS-e820: [mem 0x00000000000f0000-0x00000000000fffff] reserved
[    0.000000] BIOS-e820: [mem 0x0000000000100000-0x000000003ffeffff] usable
[    0.000000] BIOS-e820: [mem 0x000000003fff0000-0x000000003fffffff] ACPI data
[    0.000000] BIOS-e820: [mem 0x00000000fec00000-0x00000000fec00fff] reserved
[    0.000000] BIOS-e820: [mem 0x00000000fee00000-0x00000000fee00fff] reserved
[    0.000000] BIOS-e820: [mem 0x00000000fffc0000-0x00000000ffffffff] reserved
[    0.000000] NX (Execute Disable) protection: active
[    0.000000] SMBIOS 2.5 present.
[    0.000000] DMI: innotek GmbH VirtualBox/VirtualBox, BIOS VirtualBox 12/01/2006
[    0.000000] Hypervisor detected: KVM
[    0.000000] e820: last_pfn = 0x3fff0 max_arch_pfn = 0x400000000
[    0.000000] MTRR: Disabled
[    0.000000] x86/PAT: MTRRs disabled, skipping PAT initialization too.
[    0.000000] CPU MTRRs all blank - virtualized system.
[    0.000000] x86/PAT: Configuration [0-7]: WB  WT  UC- UC  WB  WT  UC- UC  
[    0.000000] found SMP MP-table at [mem 0x0009fff0-0x0009ffff]
[    0.000000] Scanning 1 areas for low memory corruption
[    0.000000] RAMDISK: [mem 0x35a6f000-0x36d2efff]
[    0.000000] ACPI: Early table checksum verification disabled
[    0.000000] ACPI: RSDP 0x00000000000E0000 000024 (v02 VBOX  )
[    0.000000] ACPI: XSDT 0x000000003FFF0030 00003C (v01 VBOX   VBOXXSDT 00000001 ASL  00000061)
[    0.000000] ACPI: FACP 0x000000003FFF00F0 0000F4 (v04 VBOX   VBOXFACP 00000001 ASL  00000061)
[    0.000000] ACPI: DSDT 0x000000003FFF0470 0022EA (v02 VBOX   VBOXBIOS 00000002 INTL 20100528)
[    0.000000] ACPI: FACS 0x000000003FFF0200 000040
[    0.000000] ACPI: FACS 0x000000003FFF0200 000040
[    0.000000] ACPI: APIC 0x000000003FFF0240 00005C (v02 VBOX   VBOXAPIC 00000001 ASL  00000061)
[    0.000000] ACPI: SSDT 0x000000003FFF02A0 0001CC (v01 VBOX   VBOXCPUT 00000002 INTL 20100528)
[    0.000000] No NUMA configuration found
[    0.000000] Faking a node at [mem 0x0000000000000000-0x000000003ffeffff]
[    0.000000] NODE_DATA(0) allocated [mem 0x3ffc5000-0x3ffeffff]
[    0.000000] kvm-clock: cpu 0, msr 0:3ff44001, primary cpu clock
[    0.000000] kvm-clock: Using msrs 4b564d01 and 4b564d00
[    0.000000] kvm-clock: using sched offset of 3779418841 cycles
[    0.000000] clocksource: kvm-clock: mask: 0xffffffffffffffff max_cycles: 0x1cd42e4dffb, max_idle_ns: 881590591483 ns
[    0.000000] Zone ranges:
[    0.000000]   DMA      [mem 0x0000000000001000-0x0000000000ffffff]
[    0.000000]   DMA32    [mem 0x0000000001000000-0x000000003ffeffff]
[    0.000000]   Normal   empty
[    0.000000]   Device   empty
[    0.000000] Movable zone start for each node
[    0.000000] Early memory node ranges
[    0.000000]   node   0: [mem 0x0000000000001000-0x000000000009efff]
[    0.000000]   node   0: [mem 0x0000000000100000-0x000000003ffeffff]
[    0.000000] Reserved but unavailable: 98 pages
[    0.000000] Initmem setup node 0 [mem 0x0000000000001000-0x000000003ffeffff]
[    0.000000] ACPI: PM-Timer IO Port: 0x4008
[    0.000000] IOAPIC[0]: apic_id 2, version 32, address 0xfec00000, GSI 0-23
[    0.000000] ACPI: INT_SRC_OVR (bus 0 bus_irq 0 global_irq 2 dfl dfl)
[    0.000000] ACPI: INT_SRC_OVR (bus 0 bus_irq 9 global_irq 9 low level)
[    0.000000] Using ACPI (MADT) for SMP configuration information
[    0.000000] smpboot: Allowing 2 CPUs, 0 hotplug CPUs
[    0.000000] PM: Registered nosave memory: [mem 0x00000000-0x00000fff]
[    0.000000] PM: Registered nosave memory: [mem 0x0009f000-0x0009ffff]
[    0.000000] PM: Registered nosave memory: [mem 0x000a0000-0x000effff]
[    0.000000] PM: Registered nosave memory: [mem 0x000f0000-0x000fffff]
[    0.000000] e820: [mem 0x40000000-0xfebfffff] available for PCI devices
[    0.000000] Booting paravirtualized kernel on KVM
[    0.000000] clocksource: refined-jiffies: mask: 0xffffffff max_cycles: 0xffffffff, max_idle_ns: 7645519600211568 ns
[    0.000000] random: get_random_bytes called from start_kernel+0x99/0x4fd with crng_init=0
[    0.000000] setup_percpu: NR_CPUS:8192 nr_cpumask_bits:2 nr_cpu_ids:2 nr_node_ids:1
[    0.000000] percpu: Embedded 45 pages/cpu s147456 r8192 d28672 u1048576
[    0.000000] PV qspinlock hash table entries: 256 (order: 0, 4096 bytes)
[    0.000000] Built 1 zonelists, mobility grouping on.  Total pages: 257913
[    0.000000] Policy zone: DMA32
[    0.000000] Kernel command line: BOOT_IMAGE=/boot/vmlinuz-4.15.0-74-generic root=LABEL=cloudimg-rootfs ro console=tty1 console=ttyS0
[    0.000000] Memory: 983080K/1048120K available (12300K kernel code, 2481K rwdata, 4260K rodata, 2428K init, 2704K bss, 65040K reserved, 0K cma-reserved)
[    0.000000] SLUB: HWalign=64, Order=0-3, MinObjects=0, CPUs=2, Nodes=1
[    0.000000] Kernel/User page tables isolation: enabled
[    0.000000] ftrace: allocating 39322 entries in 154 pages
[    0.004000] Hierarchical RCU implementation.
[    0.004000] 	RCU restricting CPUs from NR_CPUS=8192 to nr_cpu_ids=2.
[    0.004000] 	Tasks RCU enabled.
[    0.004000] RCU: Adjusting geometry for rcu_fanout_leaf=16, nr_cpu_ids=2
[    0.004000] NR_IRQS: 524544, nr_irqs: 440, preallocated irqs: 16
[    0.004000] Console: colour VGA+ 80x25
[    0.004000] console [tty1] enabled
[    0.004000] console [ttyS0] enabled
[    0.004000] ACPI: Core revision 20170831
[    0.004000] ACPI: 2 ACPI AML tables successfully acquired and loaded
[    0.004000] APIC: Switch to symmetric I/O mode setup
[    0.004000] x2apic enabled
[    0.004000] Switched APIC routing to physical x2apic.
[    0.004000] ..TIMER: vector=0x30 apic1=0 pin1=2 apic2=-1 pin2=-1
[    0.004006] tsc: Detected 2712.000 MHz processor
[    0.008013] Calibrating delay loop (skipped) preset value.. 5424.00 BogoMIPS (lpj=10848000)
[    0.010811] pid_max: default: 32768 minimum: 301
[    0.012064] Security Framework initialized
[    0.013134] Yama: becoming mindful.
[    0.014164] AppArmor: AppArmor initialized
[    0.020045] Dentry cache hash table entries: 131072 (order: 8, 1048576 bytes)
[    0.021988] Inode-cache hash table entries: 65536 (order: 7, 524288 bytes)
[    0.023568] Mount-cache hash table entries: 2048 (order: 2, 16384 bytes)
[    0.024008] Mountpoint-cache hash table entries: 2048 (order: 2, 16384 bytes)
[    0.025942] Last level iTLB entries: 4KB 64, 2MB 8, 4MB 8
[    0.028003] Last level dTLB entries: 4KB 64, 2MB 0, 4MB 0, 1GB 4
[    0.029402] Spectre V1 : Mitigation: usercopy/swapgs barriers and __user pointer sanitization
[    0.031450] Spectre V2 : Mitigation: Full generic retpoline
[    0.032003] Spectre V2 : Spectre v2 / SpectreRSB mitigation: Filling RSB on context switch
[    0.033850] Speculative Store Bypass: Vulnerable
[    0.035002] MDS: Vulnerable: Clear CPU buffers attempted, no microcode
[    0.036223] Freeing SMP alternatives memory: 36K
[    0.148603] smpboot: CPU0: Intel(R) Core(TM) i5-7200U CPU @ 2.50GHz (family: 0x6, model: 0x8e, stepping: 0x9)
[    0.151025] Performance Events: unsupported p6 CPU model 142 no PMU driver, software events only.
[    0.152039] Hierarchical SRCU implementation.
[    0.153787] NMI watchdog: Perf event create on CPU 0 failed with -2
[    0.156002] NMI watchdog: Perf NMI watchdog permanently disabled
[    0.157481] smp: Bringing up secondary CPUs ...
[    0.158665] x86: Booting SMP configuration:
[    0.160003] .... node  #0, CPUs:      #1
[    0.004000] kvm-clock: cpu 1, msr 0:3ff44041, secondary cpu clock
[    0.164025] smp: Brought up 1 node, 2 CPUs
[    0.165001] smpboot: Max logical packages: 1
[    0.166028] smpboot: Total of 2 processors activated (10848.00 BogoMIPS)
[    0.168178] devtmpfs: initialized
[    0.168906] x86/mm: Memory block size: 128MB
[    0.170083] evm: security.selinux
[    0.172003] evm: security.SMACK64
[    0.172862] evm: security.SMACK64EXEC
[    0.173793] evm: security.SMACK64TRANSMUTE
[    0.174777] evm: security.SMACK64MMAP
[    0.175697] evm: security.apparmor
[    0.176003] evm: security.ima
[    0.176774] evm: security.capability
[    0.177761] clocksource: jiffies: mask: 0xffffffff max_cycles: 0xffffffff, max_idle_ns: 7645041785100000 ns
[    0.180015] futex hash table entries: 512 (order: 3, 32768 bytes)
[    0.184011] pinctrl core: initialized pinctrl subsystem
[    0.185235] RTC time: 13:22:41, date: 01/22/20
[    0.188087] NET: Registered protocol family 16
[    0.189117] audit: initializing netlink subsys (disabled)
[    0.190277] audit: type=2000 audit(1579699366.271:1): state=initialized audit_enabled=0 res=1
[    0.192019] cpuidle: using governor ladder
[    0.193223] cpuidle: using governor menu
[    0.195413] ACPI: bus type PCI registered
[    0.196006] acpiphp: ACPI Hot Plug PCI Controller Driver version: 0.5
[    0.197687] PCI: Using configuration type 1 for base access
[    0.201209] HugeTLB registered 2.00 MiB page size, pre-allocated 0 pages
[    0.201566] ACPI: Added _OSI(Module Device)
[    0.204010] ACPI: Added _OSI(Processor Device)
[    0.205046] ACPI: Added _OSI(3.0 _SCP Extensions)
[    0.206248] ACPI: Added _OSI(Processor Aggregator Device)
[    0.207521] ACPI: Added _OSI(Linux-Dell-Video)
[    0.208004] ACPI: Added _OSI(Linux-Lenovo-NV-HDMI-Audio)
[    0.209305] ACPI: Added _OSI(Linux-HPI-Hybrid-Graphics)
[    0.210877] ACPI: Executed 1 blocks of module-level executable AML code
[    0.217676] ACPI: Interpreter enabled
[    0.218497] ACPI: (supports S0 S5)
[    0.219270] ACPI: Using IOAPIC for interrupt routing
[    0.220305] PCI: Using host bridge windows from ACPI; if necessary, use "pci=nocrs" and report a bug
[    0.222365] ACPI: Enabled 2 GPEs in block 00 to 07
[    0.232400] ACPI: PCI Root Bridge [PCI0] (domain 0000 [bus 00-ff])
[    0.233683] acpi PNP0A03:00: _OSC: OS supports [ASPM ClockPM Segments MSI]
[    0.235754] acpi PNP0A03:00: _OSC: not requesting OS control; OS requires [ExtendedConfig ASPM ClockPM MSI]
[    0.236014] acpi PNP0A03:00: fail to add MMCONFIG information, can't access extended PCI configuration space under this bridge.
[    0.240428] PCI host bridge to bus 0000:00
[    0.241479] pci_bus 0000:00: root bus resource [io  0x0000-0x0cf7 window]
[    0.243059] pci_bus 0000:00: root bus resource [io  0x0d00-0xffff window]
[    0.244013] pci_bus 0000:00: root bus resource [mem 0x000a0000-0x000bffff window]
[    0.245822] pci_bus 0000:00: root bus resource [mem 0x40000000-0xfdffffff window]
[    0.248005] pci_bus 0000:00: root bus resource [bus 00-ff]
[    0.252925] pci 0000:00:01.1: legacy IDE quirk: reg 0x10: [io  0x01f0-0x01f7]
[    0.254655] pci 0000:00:01.1: legacy IDE quirk: reg 0x14: [io  0x03f6]
[    0.256000] pci 0000:00:01.1: legacy IDE quirk: reg 0x18: [io  0x0170-0x0177]
[    0.256003] pci 0000:00:01.1: legacy IDE quirk: reg 0x1c: [io  0x0376]
[    0.282253] pci 0000:00:07.0: quirk: [io  0x4000-0x403f] claimed by PIIX4 ACPI
[    0.284018] pci 0000:00:07.0: quirk: [io  0x4100-0x410f] claimed by PIIX4 SMB
[    0.294300] ACPI: PCI Interrupt Link [LNKA] (IRQs 5 9 10 *11)
[    0.296409] ACPI: PCI Interrupt Link [LNKB] (IRQs 5 9 *10 11)
[    0.297929] ACPI: PCI Interrupt Link [LNKC] (IRQs 5 *9 10 11)
[    0.299345] ACPI: PCI Interrupt Link [LNKD] (IRQs 5 9 10 *11)
[    0.300522] SCSI subsystem initialized
[    0.301500] pci 0000:00:02.0: vgaarb: setting as boot VGA device
[    0.301519] pci 0000:00:02.0: vgaarb: VGA device added: decodes=io+mem,owns=io+mem,locks=none
[    0.304011] pci 0000:00:02.0: vgaarb: bridge control possible
[    0.305366] vgaarb: loaded
[    0.308042] ACPI: bus type USB registered
[    0.309070] usbcore: registered new interface driver usbfs
[    0.310389] usbcore: registered new interface driver hub
[    0.311735] usbcore: registered new device driver usb
[    0.312063] EDAC MC: Ver: 3.0.0
[    0.313025] PCI: Using ACPI for IRQ routing
[    0.313428] NetLabel: Initializing
[    0.316004] NetLabel:  domain hash size = 128
[    0.317065] NetLabel:  protocols = UNLABELED CIPSOv4 CALIPSO
[    0.318378] NetLabel:  unlabeled traffic allowed by default
[    0.320094] clocksource: Switched to clocksource kvm-clock
[    0.341689] VFS: Disk quotas dquot_6.6.0
[    0.342965] VFS: Dquot-cache hash table entries: 512 (order 0, 4096 bytes)
[    0.344699] AppArmor: AppArmor Filesystem Enabled
[    0.345879] pnp: PnP ACPI init
[    0.347886] pnp: PnP ACPI: found 3 devices
[    0.360253] clocksource: acpi_pm: mask: 0xffffff max_cycles: 0xffffff, max_idle_ns: 2085701024 ns
[    0.362357] NET: Registered protocol family 2
[    0.363539] TCP established hash table entries: 8192 (order: 4, 65536 bytes)
[    0.365146] TCP bind hash table entries: 8192 (order: 5, 131072 bytes)
[    0.369112] TCP: Hash tables configured (established 8192 bind 8192)
[    0.371309] UDP hash table entries: 512 (order: 2, 16384 bytes)
[    0.372810] UDP-Lite hash table entries: 512 (order: 2, 16384 bytes)
[    0.374290] NET: Registered protocol family 1
[    0.375350] pci 0000:00:00.0: Limiting direct PCI/PCI transfers
[    0.376749] pci 0000:00:01.0: Activating ISA DMA hang workarounds
[    0.378226] pci 0000:00:02.0: Video device with shadowed ROM at [mem 0x000c0000-0x000dffff]
[    0.380273] Unpacking initramfs...
[    0.734305] Freeing initrd memory: 19200K
[    0.735412] clocksource: tsc: mask: 0xffffffffffffffff max_cycles: 0x2717868ea45, max_idle_ns: 440795316085 ns
[    0.737869] platform rtc_cmos: registered platform RTC device (no PNP device found)
[    0.739703] Scanning for low memory corruption every 60 seconds
[    0.741744] Initialise system trusted keyrings
[    0.742852] Key type blacklist registered
[    0.744072] workingset: timestamp_bits=36 max_order=18 bucket_order=0
[    0.746754] zbud: loaded
[    0.748097] squashfs: version 4.0 (2009/01/31) Phillip Lougher
[    0.749823] fuse init (API version 7.26)
[    0.754138] Key type asymmetric registered
[    0.755012] Asymmetric key parser 'x509' registered
[    0.756097] Block layer SCSI generic (bsg) driver version 0.4 loaded (major 246)
[    0.757779] io scheduler noop registered
[    0.758626] io scheduler deadline registered
[    0.759551] io scheduler cfq registered (default)
[    0.760900] ACPI: AC Adapter [AC] (on-line)
[    0.761831] input: Power Button as /devices/LNXSYSTM:00/LNXPWRBN:00/input/input0
[    0.763426] ACPI: Power Button [PWRF]
[    0.764319] input: Sleep Button as /devices/LNXSYSTM:00/LNXSLPBN:00/input/input1
[    0.765866] ACPI: Sleep Button [SLPF]
[    0.767977] ACPI: Battery Slot [BAT0] (battery present)
[    0.769398] Serial: 8250/16550 driver, 32 ports, IRQ sharing enabled
[    0.791418] 00:02: ttyS0 at I/O 0x3f8 (irq = 4, base_baud = 115200) is a 16550A
[    0.799907] Linux agpgart interface v0.103
[    0.802535] loop: module loaded
[    0.803888] scsi host0: ata_piix
[    0.804865] scsi host1: ata_piix
[    0.805620] ata1: PATA max UDMA/33 cmd 0x1f0 ctl 0x3f6 bmdma 0xd000 irq 14
[    0.806984] ata2: PATA max UDMA/33 cmd 0x170 ctl 0x376 bmdma 0xd008 irq 15
[    0.808996] libphy: Fixed MDIO Bus: probed
[    0.809877] tun: Universal TUN/TAP device driver, 1.6
[    0.811191] PPP generic driver version 2.4.2
[    0.812296] ehci_hcd: USB 2.0 'Enhanced' Host Controller (EHCI) Driver
[    0.813651] ehci-pci: EHCI PCI platform driver
[    0.814622] ehci-platform: EHCI generic platform driver
[    0.815688] ohci_hcd: USB 1.1 'Open' Host Controller (OHCI) Driver
[    0.816993] ohci-pci: OHCI PCI platform driver
[    0.817939] ohci-platform: OHCI generic platform driver
[    0.819004] uhci_hcd: USB Universal Host Controller Interface driver
[    0.820342] i8042: PNP: PS/2 Controller [PNP0303:PS2K,PNP0f03:PS2M] at 0x60,0x64 irq 1,12
[    0.822612] serio: i8042 KBD port at 0x60,0x64 irq 1
[    0.823671] serio: i8042 AUX port at 0x60,0x64 irq 12
[    0.824928] mousedev: PS/2 mouse device common for all mice
[    0.826798] input: AT Translated Set 2 keyboard as /devices/platform/i8042/serio0/input/input2
[    0.828881] rtc_cmos rtc_cmos: rtc core: registered rtc_cmos as rtc0
[    0.830238] rtc_cmos rtc_cmos: alarms up to one day, 114 bytes nvram
[    0.831496] i2c /dev entries driver
[    0.832394] device-mapper: uevent: version 1.0.3
[    0.833474] device-mapper: ioctl: 4.37.0-ioctl (2017-09-20) initialised: dm-devel@redhat.com
[    0.835251] ledtrig-cpu: registered to indicate activity on CPUs
[    0.836907] NET: Registered protocol family 10
[    0.841933] Segment Routing with IPv6
[    0.842789] NET: Registered protocol family 17
[    0.844090] Key type dns_resolver registered
[    0.845341] mce: Using 0 MCE banks
[    0.846116] RAS: Correctable Errors collector initialized.
[    0.847233] sched_clock: Marking stable (845304900, 0)->(1091928950, -246624050)
[    0.849416] registered taskstats version 1
[    0.850305] Loading compiled-in X.509 certificates
[    0.854019] Loaded X.509 cert 'Build time autogenerated kernel key: 62d24f9c726e026b112735485dad6e6e4b50c923'
[    0.856063] zswap: loaded using pool lzo/zbud
[    0.861259] Key type big_key registered
[    0.862171] Key type trusted registered
[    0.865132] Key type encrypted registered
[    0.867370] AppArmor: AppArmor sha1 policy hashing enabled
[    0.868610] ima: No TPM chip found, activating TPM-bypass! (rc=-19)
[    0.869873] ima: Allocated hash algorithm: sha1
[    0.870838] evm: HMAC attrs: 0x1
[    0.871801]   Magic number: 4:822:382
[    0.872801] rtc_cmos rtc_cmos: setting system clock to 2020-01-22 13:22:41 UTC (1579699361)
[    0.874698] BIOS EDD facility v0.16 2004-Jun-25, 0 devices found
[    0.875904] EDD information not available.
[    0.979647] Freeing unused kernel image memory: 2428K
[    1.007661] Write protecting the kernel read-only data: 20480k
[    1.010204] Freeing unused kernel image memory: 2008K
[    1.012247] Freeing unused kernel image memory: 1884K
[    1.024804] x86/mm: Checked W+X mappings: passed, no W+X pages found.
[    1.026458] x86/mm: Checking user space page tables
[    1.036588] x86/mm: Checked W+X mappings: passed, no W+X pages found.
Loading, please wait...
starting version 237
[    1.119653] Fusion MPT base driver 3.04.20
[    1.121129] Copyright (c) 1999-2008 LSI Corporation
[    1.147286] AVX2 version of gcm_enc/dec engaged.
[    1.148894] AES CTR mode by8 optimization enabled
[    1.157371] Fusion MPT SPI Host driver 3.04.20
[    1.159151] e1000: Intel(R) PRO/1000 Network Driver - version 7.3.21-k8-NAPI
[    1.161556] e1000: Copyright (c) 1999-2006 Intel Corporation.
[    1.162736] mptbase: ioc0: Initiating bringup
[    1.269471] ioc0: LSI53C1030 A0: Capabilities={Initiator}
[    1.346158] input: ImExPS/2 Generic Explorer Mouse as /devices/platform/i8042/serio1/input/input4
[    1.517145] scsi host2: ioc0: LSI53C1030 A0, FwRev=00000000h, Ports=1, MaxQ=256, IRQ=20
[    1.685764] scsi 2:0:0:0: Direct-Access     VBOX     HARDDISK         1.0  PQ: 0 ANSI: 5
[    1.724156] scsi target2:0:0: Beginning Domain Validation
[    1.729108] scsi target2:0:0: Domain Validation skipping write tests
[    1.731327] scsi target2:0:0: Ending Domain Validation
[    1.733263] scsi target2:0:0: asynchronous
[    1.735531] scsi 2:0:1:0: Direct-Access     VBOX     HARDDISK         1.0  PQ: 0 ANSI: 5
[    2.040345] scsi target2:0:1: Beginning Domain Validation
[    2.044309] random: fast init done
[    2.045525] scsi target2:0:1: Domain Validation skipping write tests
[    2.047158] scsi target2:0:1: Ending Domain Validation
[    2.048448] scsi target2:0:1: asynchronous
[    2.055402] random: systemd-udevd: uninitialized urandom read (16 bytes read)
[    2.055491] sd 2:0:0:0: Attached scsi generic sg0 type 0
[    2.058793] random: systemd-udevd: uninitialized urandom read (16 bytes read)
[    2.061201] sd 2:0:1:0: Attached scsi generic sg1 type 0
[    2.062533] random: systemd-udevd: uninitialized urandom read (16 bytes read)
[    2.065330] sd 2:0:0:0: [sda] 20971520 512-byte logical blocks: (10.7 GB/10.0 GiB)
[    2.067105] sd 2:0:1:0: [sdb] 20480 512-byte logical blocks: (10.5 MB/10.0 MiB)
[    2.069076] sd 2:0:0:0: [sda] Write Protect is off
[    2.070286] sd 2:0:1:0: [sdb] Write Protect is off
[    2.071613] sd 2:0:0:0: [sda] Incomplete mode parameter data
[    2.072975] sd 2:0:0:0: [sda] Assuming drive cache: write through
[    2.074489] sd 2:0:1:0: [sdb] Incomplete mode parameter data
[    2.075723] sd 2:0:1:0: [sdb] Assuming drive cache: write through
[    2.081734]  sda: sda1
[    2.083284] sd 2:0:0:0: [sda] Attached SCSI disk
[    2.085449] sd 2:0:1:0: [sdb] Attached SCSI disk
[    2.093926] e1000 0000:00:03.0 eth0: (PCI:33MHz:32-bit) 02:22:e7:1f:39:14
[    2.095376] e1000 0000:00:03.0 eth0: Intel(R) PRO/1000 Network Connection
[    2.104383] e1000 0000:00:03.0 enp0s3: renamed from eth0
Begin: Loading essential drivers ... [    3.744116] raid6: sse2x1   gen()  8748 MB/s
[    3.792053] raid6: sse2x1   xor()  5772 MB/s
[    3.840764] raid6: sse2x2   gen() 11171 MB/s
[    3.888589] raid6: sse2x2   xor()  8406 MB/s
[    3.936403] raid6: sse2x4   gen() 14600 MB/s
[    3.984212] raid6: sse2x4   xor()  8973 MB/s
[    4.032050] raid6: avx2x1   gen() 20769 MB/s
[    4.080013] raid6: avx2x1   xor() 14461 MB/s
[    4.128678] raid6: avx2x2   gen() 21349 MB/s
[    4.176511] raid6: avx2x2   xor() 15776 MB/s
[    4.224321] raid6: avx2x4   gen() 28295 MB/s
[    4.272149] raid6: avx2x4   xor() 16920 MB/s
[    4.273149] raid6: using algorithm avx2x4 gen() 28295 MB/s
[    4.274392] raid6: .... xor() 16920 MB/s, rmw enabled
[    4.275646] raid6: using avx2x2 recovery algorithm
[    4.278152] xor: automatically using best checksumming function   avx       
[    4.280854] async_tx: api initialized (async)
done.
Begin: Running /scripts/init-premount ... done.
Begin: Mounting root file system ... Begin: Running /scripts/local-top ... done.
Begin: Running /scripts/local-premount ... [    4.331076] Btrfs loaded, crc32c=crc32c-intel
Scanning for Btrfs filesystems
done.
Warning: fsck not present, so skipping root file system
[    4.372638] EXT4-fs (sda1): mounted filesystem with ordered data mode. Opts: (null)
done.
Begin: Running /scripts/local-bottom ... done.
Begin: Running /scripts/init-bottom ... done.
[    4.574446] ip_tables: (C) 2000-2006 Netfilter Core Team
[    4.586292] systemd[1]: systemd 237 running in system mode. (+PAM +AUDIT +SELINUX +IMA +APPARMOR +SMACK +SYSVINIT +UTMP +LIBCRYPTSETUP +GCRYPT +GNUTLS +ACL +XZ +LZ4 +SECCOMP +BLKID +ELFUTILS +KMOD -IDN2 +IDN -PCRE2 default-hierarchy=hybrid)
[    4.590954] systemd[1]: Detected virtualization oracle.
[    4.592204] systemd[1]: Detected architecture x86-64.

Welcome to [1mUbuntu 18.04.3 LTS[0m!

[    4.609802] systemd[1]: Set hostname to <ubuntu>.
[    4.616650] systemd[1]: Initializing machine ID from random generator.
[    4.618408] systemd[1]: Installed transient /etc/machine-id file.
[    4.937496] systemd[1]: Started Forward Password Requests to Wall Directory Watch.
[[0;32m  OK  [0m] Started Forward Password Requests to Wall Directory Watch.
[    4.940971] systemd[1]: Set up automount Arbitrary Executable File Formats File System Automount Point.
[[0;32m  OK  [0m] Set up automount Arbitrary Executabâ€¦rmats File System Automount Point.
[    4.954646] systemd[1]: Created slice User and Session Slice.
[[0;32m  OK  [0m] Created slice User and Session Slice.
[    4.968280] systemd[1]: Reached target System Time Synchronized.
[[0;32m  OK  [0m] Reached target System Time Synchronized.
[[0;32m  OK  [0m] Reached target User and Group Name Lookups.
[[0;32m  OK  [0m] Created slice System Slice.
[[0;32m  OK  [0m] Listening on Journal Socket.
         Starting Uncomplicated firewall...
         Starting Create list of required stâ€¦ce nodes for the current kernel...
         Starting Load Kernel Modules...
         Mounting Huge Pages File System...
         Starting Remount Root and Kernel File Systems...
         Mounting Kernel Debug File System...
[[0;32m  OK  [0m] Listening on Network Service Netlink Socket.
[[0;32m  OK  [0m] Listening on udev Kernel Socket.
[[0;32m  OK  [0m] Listening on Journal Audit Socket.
[[0;32m  OK  [0m] Listening on LVM2 poll daemon socket.
[[0;32m  OK  [0m] Reached target Slices.
[[0;32m  OK  [0m] Listening on Syslog Socket.
         Starting Set the console keyboard layout...
[    5.063604] Loading iSCSI transport class v2.0-870.
[[0;32m  OK  [0m] Created slice system-serial\x2dgetty.slice.
[    5.073307] iscsi: registered transport (tcp)
[[0;32m  OK  [0m] Listening on /dev/initctl Compatibility Named Pipe.
[[0;32m  OK  [0m] Listening on LVM2 metadata daemon socket.
[[0;32m  OK  [0m] Listening on Journal Socket (/dev/log).
         Starting Journal Service...
         Mounting POSIX Message Queue File System...
[[0;32m  OK  [0m] Reached target Swap.
[[0;32m  OK  [0m] Listening on udev Control Socket.
         Starting udev Coldplug all Devices...
[[0;32m  OK  [0m] Listening on Device-mapper event daemon FIFOs.
[    5.129404] iscsi: registered transport (iser)
         Starting Monitoring of LVM2 mirrorsâ€¦ng dmeventd or progress polling...
[[0;32m  OK  [0m] Started Uncomplicated firewall.
[    5.135225] EXT4-fs (sda1): re-mounted. Opts: (null)
[[0;32m  OK  [0m] Started Create list of required staâ€¦vice nodes for the current kernel.
[[0;32m  OK  [0m] Started Load Kernel Modules.
[[0;32m  OK  [0m] Mounted Huge Pages File System.
[[0;32m  OK  [0m] Started Remount Root and Kernel File Systems.
[[0;32m  OK  [0m] Mounted Kernel Debug File System.
[[0;32m  OK  [0m] Mounted POSIX Message Queue File System.
         Starting Load/Save Random Seed...
         Mounting FUSE Control File System...
         Starting Apply Kernel Variables...
         Mounting Kernel Configuration File System...
         Starting Create Static Device Nodes in /dev...
[[0;32m  OK  [0m] Mounted FUSE Control File System.
[[0;32m  OK  [0m] Mounted Kernel Configuration File System.
[[0;32m  OK  [0m] Started Journal Service.
[[0;32m  OK  [0m] Started LVM2 metadata daemon.
         Starting Flush Journal to Persistent Storage...
[[0;32m  OK  [0m] Started Create Static Device Nodes in /dev.
         Starting udev Kernel Device Manager...
[[0;32m  OK  [0m] Started udev Coldplug all Devices.
[[0;32m  OK  [0m] Started Apply Kernel Variables.
[[0;32m  OK  [0m] Started Load/Save Random Seed.
[[0;32m  OK  [0m] Started Monitoring of LVM2 mirrors,â€¦sing dmeventd or progress polling.
[[0;32m  OK  [0m] Started Set the console keyboard layout.
[[0;32m  OK  [0m] Reached target Local File Systems (Pre).
[[0;32m  OK  [0m] Reached target Local File Systems.
         Starting Tell Plymouth To Write Out Runtime Data...
         Starting AppArmor initialization...
         Starting ebtables ruleset management...
         Starting Set console font and keymap...
         Starting Commit a transient machine-id on disk...
[[0;32m  OK  [0m] Started Flush Journal to Persistent Storage.
         Starting Create Volatile Files and Directories...
[[0;32m  OK  [0m] Started Tell Plymouth To Write Out Runtime Data.
[[0;32m  OK  [0m] Started udev Kernel Device Manager.
[[0;32m  OK  [0m] Started Dispatch Password Requests to Console Directory Watch.
[[0;32m  OK  [0m] Reached target Local Encrypted Volumes.
[[0;32m  OK  [0m] Started Set console font and keymap.
[[0;32m  OK  [0m] Started Create Volatile Files and Directories.
         Starting Update UTMP about System Boot/Shutdown...
[[0;32m  OK  [0m] Started Update UTMP about System Boot/Shutdown.
[[0;32m  OK  [0m] Started Commit a transient machine-id on disk.
[[0;32m  OK  [0m] Started ebtables ruleset management.
[[0;32m  OK  [0m] Found device /dev/ttyS0.
[[0;32m  OK  [0m] Listening on Load/Save RF Kill Switch Status /dev/rfkill Watch.
[[0;32m  OK  [0m] Started AppArmor initialization.
         Starting Initial cloud-init job (pre-networking)...
[    8.813470] cloud-init[539]: Cloud-init v. 19.3-41-gc4735dd3-0ubuntu1~18.04.1 running 'init-local' at Wed, 22 Jan 2020 13:22:48 +0000. Up 8.31 seconds.
[[0;32m  OK  [0m] Started Initial cloud-init job (pre-networking).
[[0;32m  OK  [0m] Reached target Network (Pre).
         Starting Network Service...
[[0;32m  OK  [0m] Started Network Service.
         Starting Wait for Network to be Configured...
         Starting Network Name Resolution...
[[0;32m  OK  [0m] Started Network Name Resolution.
[[0;32m  OK  [0m] Reached target Network.
[[0;32m  OK  [0m] Reached target Host and Network Name Lookups.
[[0;32m  OK  [0m] Started Wait for Network to be Configured.
         Starting Initial cloud-init job (metadata service crawler)...
[   11.655089] cloud-init[659]: Cloud-init v. 19.3-41-gc4735dd3-0ubuntu1~18.04.1 running 'init' at Wed, 22 Jan 2020 13:22:52 +0000. Up 11.39 seconds.
[   11.658055] cloud-init[659]: ci-info: ++++++++++++++++++++++++++++++++++++++Net device info++++++++++++++++++++++++++++++++++++++
[   11.668552] cloud-init[659]: ci-info: +--------+------+----------------------------+---------------+--------+-------------------+
[   11.670775] cloud-init[659]: ci-info: | Device |  Up  |          Address           |      Mask     | Scope  |     Hw-Address    |
[   11.672344] cloud-init[659]: ci-info: +--------+------+----------------------------+---------------+--------+-------------------+
[   11.673661] cloud-init[659]: ci-info: | enp0s3 | True |         10.0.2.15          | 255.255.255.0 | global | 02:22:e7:1f:39:14 |
[   11.674964] cloud-init[659]: ci-info: | enp0s3 | True | fe80::22:e7ff:fe1f:3914/64 |       .       |  link  | 02:22:e7:1f:39:14 |
[   11.688455] cloud-init[659]: ci-info: |   lo   | True |         127.0.0.1          |   255.0.0.0   |  host  |         .         |
[   11.691311] cloud-init[659]: ci-info: |   lo   | True |          ::1/128           |       .       |  host  |         .         |
[   11.693621] cloud-init[659]: ci-info: +--------+------+----------------------------+---------------+--------+-------------------+
[   11.695965] cloud-init[659]: ci-info: ++++++++++++++++++++++++++++Route IPv4 info+++++++++++++++++++++++++++++
[   11.698641] cloud-init[659]: ci-info: +-------+-------------+----------+-----------------+-----------+-------+
[   11.700921] cloud-init[659]: ci-info: | Route | Destination | Gateway  |     Genmask     | Interface | Flags |
[   11.703110] cloud-init[659]: ci-info: +-------+-------------+----------+-----------------+-----------+-------+
[   11.705371] cloud-init[659]: ci-info: |   0   |   0.0.0.0   | 10.0.2.2 |     0.0.0.0     |   enp0s3  |   UG  |
[   11.708024] cloud-init[659]: ci-info: |   1   |   10.0.2.0  | 0.0.0.0  |  255.255.255.0  |   enp0s3  |   U   |
[   11.710259] cloud-init[659]: ci-info: |   2   |   10.0.2.2  | 0.0.0.0  | 255.255.255.255 |   enp0s3  |   UH  |
[   11.712105] cloud-init[659]: ci-info: +-------+-------------+----------+-----------------+-----------+-------+
[   11.714537] cloud-init[659]: ci-info: +++++++++++++++++++Route IPv6 info+++++++++++++++++++
[   11.716738] cloud-init[659]: ci-info: +-------+-------------+---------+-----------+-------+
[   11.719565] cloud-init[659]: ci-info: | Route | Destination | Gateway | Interface | Flags |
[   11.721981] cloud-init[659]: ci-info: +-------+-------------+---------+-----------+-------+
[   11.723669] cloud-init[659]: ci-info: |   1   |  fe80::/64  |    ::   |   enp0s3  |   U   |
[   11.725535] cloud-init[659]: ci-info: |   3   |    local    |    ::   |   enp0s3  |   U   |
[   11.727575] cloud-init[659]: ci-info: |   4   |   ff00::/8  |    ::   |   enp0s3  |   U   |
[   11.729853] cloud-init[659]: ci-info: +-------+-------------+---------+-----------+-------+
[   12.479147] cloud-init[659]: Generating public/private rsa key pair.
[   12.480611] cloud-init[659]: Your identification has been saved in /etc/ssh/ssh_host_rsa_key.
[   12.482566] cloud-init[659]: Your public key has been saved in /etc/ssh/ssh_host_rsa_key.pub.
[   12.484619] cloud-init[659]: The key fingerprint is:
[   12.486057] cloud-init[659]: SHA256:QF+QPzbarhcSiOmOFBY+8sfqytBYbDez+WNL2cSPUI0 root@ubuntu-bionic
[   12.488137] cloud-init[659]: The key's randomart image is:
[   12.489661] cloud-init[659]: +---[RSA 2048]----+
[   12.490798] cloud-init[659]: |      . .o.      |
[   12.491934] cloud-init[659]: |  .  . ..+       |
[   12.493973] cloud-init[659]: | . . o..E..      |
[   12.495254] cloud-init[659]: |..= o .+. =      |
[   12.497148] cloud-init[659]: | ++=+ . S= o     |
[   12.498764] cloud-init[659]: | =o.+= =ooo      |
[   12.500283] cloud-init[659]: |o..=o o oo..     |
[   12.501684] cloud-init[659]: |o o .oo   o      |
[   12.502895] cloud-init[659]: |.+.  .oo.o       |
[   12.504236] cloud-init[659]: +----[SHA256]-----+
[   12.505405] cloud-init[659]: Generating public/private dsa key pair.
[   12.506935] cloud-init[659]: Your identification has been saved in /etc/ssh/ssh_host_dsa_key.
[   12.510931] cloud-init[659]: Your public key has been saved in /etc/ssh/ssh_host_dsa_key.pub.
[   12.512606] cloud-init[659]: The key fingerprint is:
[   12.514093] cloud-init[659]: SHA256:fIKdjygA208UTI36wAeS9I6WQd/DcNXtDOdxUm6+Ui4 root@ubuntu-bionic
[   12.516258] cloud-init[659]: The key's randomart image is:
[   12.517668] cloud-init[659]: +---[DSA 1024]----+
[   12.518954] cloud-init[659]: |.+ +o+... . ..   |
[   12.520509] cloud-init[659]: |+ + B..  o =..   |
[   12.522606] cloud-init[659]: |.+ =.+    * +o   |
[   12.523934] cloud-init[659]: | +O.. .+ . +o    |
[   12.526116] cloud-init[659]: |.+o=. . S .  o   |
[   12.527273] cloud-init[659]: |.  +.  . =  o .  |
[   12.528595] cloud-init[659]: |    o . . .E o   |
[   12.529928] cloud-init[659]: |     .      o    |
[   12.531333] cloud-init[659]: |                 |
[   12.532920] cloud-init[659]: +----[SHA256]-----+
[   12.534220] cloud-init[659]: Generating public/private ecdsa key pair.
[   12.548352] cloud-init[659]: Your identification has been saved in /etc/ssh/ssh_host_ecdsa_key.
[   12.550593] cloud-init[659]: Your public key has been saved in /etc/ssh/ssh_host_ecdsa_key.pub.
[   12.552080] cloud-init[659]: The key fingerprint is:
[   12.553051] cloud-init[659]: SHA256:R63IWnkzrMOLzd6NX4FqV3BxO3YfoivlCmm07jhSLIY root@ubuntu-bionic
[   12.554462] cloud-init[659]: The key's randomart image is:
[   12.555552] cloud-init[659]: +---[ECDSA 256]---+
[   12.556777] cloud-init[659]: |              . .|
[   12.558090] cloud-init[659]: |           .   o.|
[   12.559761] cloud-init[659]: |          . o..=.|
[   12.561318] cloud-init[659]: |       . = ..+o =|
[   12.562601] cloud-init[659]: |  . .  .S Bo. o .|
[   12.563851] cloud-init[659]: | E o o.+o+o+.. . |
[   12.564977] cloud-init[659]: |  . o .=+.oo. .  |
[[0;32m  OK  [0m[   12.567741] cloud-init[659]: |   . .++.=o+ .   |
[   12.568201] cloud-init[659]: |    ..++=.o.o    |
[   12.569074] cloud-init[659]: +----[SHA256]-----+
[   12.569914] cloud-init[659]: Generating public/private ed25519 key pair.
[   12.570796] cloud-init[659]: Your identification has been saved in /etc/ssh/ssh_host_ed25519_key.
[   12.572056] cloud-init[659]: Your public key has been saved in /etc/ssh/ssh_host_ed25519_key.pub.
[   12.573302] cloud-init[659]: The key fingerprint is:
[   12.574112] cloud-init[659]: SHA256:r5m4hj2orDeqR7H+ESsw/qgJI0yf5CGrinK8OQv7/kY root@ubuntu-bionic
[   12.574759] cloud-init[659]: The key's randomart image is:
[   12.575283] cloud-init[659]: +--[ED25519 256]--+
[   12.575875] cloud-init[659]: |                 |
[   12.576468] cloud-init[659]: |                 |
[   12.577021] cloud-init[659]: |                 |
[   12.577606] cloud-init[659]: |  .              |
[   12.578146] cloud-init[659]: |oo =.   S        |
[   12.578734] cloud-init[659]: |+oO Eo   .       |
[   12.579269] cloud-init[659]: |=B.=o+    .      |
[   12.579865] cloud-init[659]: |**@o+.+. +       |
[   12.580512] cloud-init[659]: |/XO@o.oo+        |
[   12.581034] cloud-init[659]: +----[SHA256]-----+
] Started Initial cloud-init job (metadata service crawler).
[[0;32m  OK  [0m] Reached target System Initialization.
[[0;32m  OK  [0m] Listening on UUID daemon activation socket.
[[0;32m  OK  [0m] Listening on ACPID Listen Socket.
[[0;32m  OK  [0m] Listening on Open-iSCSI iscsid Socket.
[[0;32m  OK  [0m] Started Discard unused blocks once a week.
[[0;32m  OK  [0m] Started Daily apt download activities.
[[0;32m  OK  [0m] Started Daily apt upgrade and clean activities.
[[0;32m  OK  [0m] Started Message of the Day.
         Starting Socket activation for snappy daemon.
[[0;32m  OK  [0m] Started ACPI Events Check.
[[0;32m  OK  [0m] Reached target Paths.
[[0;32m  OK  [0m] Started Daily Cleanup of Temporary Directories.
[[0;32m  OK  [0m] Listening on D-Bus System Message Bus Socket.
         Starting LXD - unix socket.
[[0;32m  OK  [0m] Reached target Timers.
[[0;32m  OK  [0m] Reached target Cloud-config availability.
[[0;32m  OK  [0m] Reached target Network is Online.
         Starting Availability of block devices...
[[0;32m  OK  [0m] Reached target Remote File Systems (Pre).
[[0;32m  OK  [0m] Reached target Remote File Systems.
[[0;32m  OK  [0m] Listening on Socket activation for snappy daemon.
[[0;32m  OK  [0m] Listening on LXD - unix socket.
[[0;32m  OK  [0m] Started Availability of block devices.
[[0;32m  OK  [0m] Reached target Sockets.
[[0;32m  OK  [0m] Reached target Basic System.
         Starting Virtualbox guest utils...
[[0;32m  OK  [0m] Started Deferred execution scheduler.
         Starting Pollinate to seed the pseudo random number generator...
         Starting Dispatcher daemon for systemd-networkd...
[[0;32m  OK  [0m] Started FUSE filesystem for LXC.
[[0;32m  OK  [0m] Started Regular background program processing daemon.
         Starting Login Service...
         Starting Snappy daemon...
         Starting LXD - container startup/shutdown...
         Starting LSB: automatic crash report generation...
         Starting LSB: Record successful boot for GRUB...
         Starting Accounts Service...
[[0;32m  OK  [0m] Started D-Bus System Message Bus.
         Starting Permit User Sessions...
[[0;32m  OK  [0m] Started irqbalance daemon.
         Starting System Logging Service...
[[0;32m  OK  [0m] Started Login Service.
[[0;32m  OK  [0m] Started Unattended Upgrades Shutdown.
[[0;32m  OK  [0m] Started Permit User Sessions.
         Starting Terminate Plymouth Boot Screen...
         Starting Hold until boot process finishes up...
[[0;32m  OK  [0m] Started Hold until boot process finishes up.
[[0;32m  OK  [0m] Started Serial Getty on ttyS0.
         Starting Set console scheme...
[[0;32m  OK  [0m] Started Terminate Plymouth Boot Screen.
         Starting Authorization Manager...
[[0;32m  OK  [0m] Started System Logging Service.
[[0;32m  OK  [0m] Started Set console scheme.
[[0;32m  OK  [0m] Created slice system-getty.slice.
[[0;32m  OK  [0m] Started Getty on tty1.
[[0;32m  OK  [0m] Reached target Login Prompts.
[[0;32m  OK  [0m] Started Authorization Manager.
[[0;32m  OK  [0m] Started Accounts Service.
[[0;32m  OK  [0m] Started LSB: Record successful boot for GRUB.
[[0;32m  OK  [0m] Started Virtualbox guest utils.
[[0;32m  OK  [0m] Started LSB: automatic crash report generation.
[[0;32m  OK  [0m] Started LXD - container startup/shutdown.
[[0;32m  OK  [0m] Started Dispatcher daemon for systemd-networkd.
[[0;32m  OK  [0m] Started Pollinate to seed the pseudo random number generator.
         Starting OpenBSD Secure Shell server...
[[0;32m  OK  [0m] Started OpenBSD Secure Shell server.
[[0;32m  OK  [0m] Started Snappy daemon.
         Starting Wait until snapd is fully seeded...
[[0;32m  OK  [0m] Created slice User Slice of vagrant.
         Starting User Manager for UID 1000...
[[0;32m  OK  [0m] Started Session 1 of user vagrant.
[[0;32m  OK  [0m] Started User Manager for UID 1000.
[[0;32m  OK  [0m] Started Wait until snapd is fully seeded.
         Starting Apply the settings specified in cloud-config...
[[0;32m  OK  [0m] Reached target Multi-User System.
[[0;32m  OK  [0m] Reached target Graphical Interface.
         Starting Update UTMP about System Runlevel Changes...
[[0;32m  OK  [0m] Started Update UTMP about System Runlevel Changes.
[   17.759550] cloud-init[1204]: Cloud-init v. 19.3-41-gc4735dd3-0ubuntu1~18.04.1 running 'modules:config' at Wed, 22 Jan 2020 13:22:57 +0000. Up 16.75 seconds.
[[0;32m  OK  [0m] Started Apply the settings specified in cloud-config.
         Starting Execute cloud user/final scripts...
ci-info: no authorized ssh keys fingerprints found for user ubuntu.
<14>Jan 22 13:22:59 ec2: 
<14>Jan 22 13:22:59 ec2: #############################################################
<14>Jan 22 13:22:59 ec2: -----BEGIN SSH HOST KEY FINGERPRINTS-----
<14>Jan 22 13:22:59 ec2: 1024 SHA256:fIKdjygA208UTI36wAeS9I6WQd/DcNXtDOdxUm6+Ui4 root@ubuntu-bionic (DSA)
<14>Jan 22 13:22:59 ec2: 256 SHA256:R63IWnkzrMOLzd6NX4FqV3BxO3YfoivlCmm07jhSLIY root@ubuntu-bionic (ECDSA)
<14>Jan 22 13:22:59 ec2: 256 SHA256:r5m4hj2orDeqR7H+ESsw/qgJI0yf5CGrinK8OQv7/kY root@ubuntu-bionic (ED25519)
<14>Jan 22 13:22:59 ec2: 2048 SHA256:QF+QPzbarhcSiOmOFBY+8sfqytBYbDez+WNL2cSPUI0 root@ubuntu-bionic (RSA)
<14>Jan 22 13:22:59 ec2: -----END SSH HOST KEY FINGERPRINTS-----
<14>Jan 22 13:22:59 ec2: #############################################################
-----BEGIN SSH HOST KEY KEYS-----
ecdsa-sha2-nistp256 AAAAE2VjZHNhLXNoYTItbmlzdHAyNTYAAAAIbmlzdHAyNTYAAABBBIik4DXDXLRBvdSqIt8I148BCy3x0nTUZjNJLAncws9WgyB6NYs4UkasTBj4hkRENVFsdeIqn8QU5xlUFTLw5Kw= root@ubuntu-bionic
ssh-ed25519 AAAAC3NzaC1lZDI1NTE5AAAAIFfjW/X+z9FXGqf3eldFIyVgjBBmlmHUtQv8OBgx0S1i root@ubuntu-bionic
ssh-rsa AAAAB3NzaC1yc2EAAAADAQABAAABAQDHDEYaaH+qj6jB0pNywhw7IyCyNQ6QkGZw4j09fcQrXU3BxlSr1IIdD7woyp3ZZkM2gpCp0wcidvAvWakXqA2rvO521Lq5p4fNbCb7XI3MYP2nf1jy2q+QMrk4VG1hJD/yxDLLHbLfrO4pkOgnN4lawY7609p51he5SdhjZ2gVM85j16LqJJEKUC/TqRoR/NLX0C30sN6kAmj+AtrFB2r38d31IJwOrexUV95HqH7mYw/QcJAZ9IqEpXSXhq5k7AyqOx0WrV5NxEuo2tcdM7+noKcY+0eUzrLurtSEvoIdIqjrVtJ6FnUoG1Qfx5iwP0QiW0rYNSL0UviYRQemWu81 root@ubuntu-bionic
-----END SSH HOST KEY KEYS-----
[   18.832996] cloud-init[1325]: Cloud-init v. 19.3-41-gc4735dd3-0ubuntu1~18.04.1 running 'modules:final' at Wed, 22 Jan 2020 13:22:59 +0000. Up 18.60 seconds.
[   18.833151] cloud-init[1325]: ci-info: no authorized ssh keys fingerprints found for user ubuntu.
[   18.833210] cloud-init[1325]: Cloud-init v. 19.3-41-gc4735dd3-0ubuntu1~18.04.1 finished at Wed, 22 Jan 2020 13:22:59 +0000. Datasource DataSourceNoCloud [seed=/dev/sdb][dsmode=net].  Up 18.81 seconds

Ubuntu 18.04.3 LTS ubuntu-bionic ttyS0

ubuntu-bionic login: 